---
source: sqry-lang-rust/tests/relations_differential.rs
expression: normalized
---
[
    (
        "complex_function",
        "helper_function",
        56,
    ),
    (
        "complex_function",
        "method_one",
        60,
    ),
    (
        "complex_function",
        "new",
        59,
    ),
    (
        "complex_function",
        "stdout",
        63,
    ),
    (
        "function_with_scoped_calls",
        "exit",
        50,
    ),
    (
        "function_with_scoped_calls",
        "stdout",
        49,
    ),
    (
        "inner",
        "helper_function",
        69,
    ),
    (
        "main",
        "method_with_calls",
        77,
    ),
    (
        "main",
        "new",
        76,
    ),
    (
        "main",
        "outer_function",
        75,
    ),
    (
        "method_one",
        "method_two",
        33,
    ),
    (
        "method_one",
        "method_two",
        33,
    ),
    (
        "method_with_calls",
        "helper_function",
        43,
    ),
    (
        "method_with_calls",
        "helper_function",
        43,
    ),
    (
        "method_with_calls",
        "method_one",
        41,
    ),
    (
        "method_with_calls",
        "method_one",
        41,
    ),
    (
        "method_with_calls",
        "method_two",
        42,
    ),
    (
        "method_with_calls",
        "method_two",
        42,
    ),
    (
        "outer",
        "helper_function",
        69,
    ),
    (
        "outer",
        "inner",
        71,
    ),
    (
        "outer_function",
        "another_helper",
        11,
    ),
    (
        "outer_function",
        "helper_function",
        10,
    ),
]
