---
source: sqry-lang-rust/tests/relations_differential.rs
expression: normalized
---
[
    (
        "serde",
        "",
        None,
    ),
    (
        "tokio",
        "",
        None,
    ),
    (
        "env",
        "std",
        None,
    ),
    (
        "fs",
        "std",
        Some(
            "FileSystem",
        ),
    ),
    (
        "io",
        "std",
        Some(
            "StdIo",
        ),
    ),
    (
        "process",
        "std",
        None,
    ),
    (
        "HashMap",
        "std::collections",
        Some(
            "Map",
        ),
    ),
    (
        "HashSet",
        "std::collections",
        None,
    ),
    (
        "BufRead",
        "std::io",
        None,
    ),
    (
        "Read",
        "std::io",
        None,
    ),
    (
        "Result",
        "std::io",
        Some(
            "IoResult",
        ),
    ),
    (
        "Write",
        "std::io",
        None,
    ),
    (
        "Path",
        "std::path",
        None,
    ),
    (
        "PathBuf",
        "std::path",
        None,
    ),
    (
        "Arc",
        "std::sync",
        None,
    ),
    (
        "Arc",
        "std::sync",
        Some(
            "SyncArc",
        ),
    ),
    (
        "Runtime",
        "tokio::runtime",
        Some(
            "TokioRuntime",
        ),
    ),
    (
        "Mutex",
        "tokio::sync",
        None,
    ),
    (
        "mpsc",
        "tokio::sync",
        None,
    ),
    (
        "oneshot",
        "tokio::sync",
        None,
    ),
]
